// Jest Snapshot v1, https://goo.gl/fbAQLP

exports[`AddTodoForm renders snapshot 1`] = `undefined`;

exports[`FireRing renders snapshot 1`] = `undefined`;

exports[`InputWithLabel renders snapshot 1`] = `undefined`;

exports[`SideBar renders snapshot 1`] = `undefined`;

exports[`TodoCard renders snapshot 1`] = `undefined`;

exports[`TodoContainer renders snapshot 1`] = `undefined`;

exports[`TodoList renders snapshot 1`] = `undefined`;

exports[`TodoListItem renders snapshot 1`] = `undefined`;
